[INFO] Scanning for projects...
[INFO] 
[INFO] ------------------< com.klu:2-BasicSpringApplication >------------------
[INFO] Building 2-BasicSpringApplication 0.0.1-SNAPSHOT
[INFO]   from pom.xml
[INFO] --------------------------------[ jar ]---------------------------------
[INFO] 
[INFO] >>> spring-boot:4.1.1:run (default-cli) > test-compile @ 2-BasicSpringApplication >>>
[INFO] 
[INFO] --- resources:3.5.0:resources (default-resources) @ 2-BasicSpringApplication ---
[INFO] Copying 1 resource from src\main\resources to target\classes
[INFO] Copying 1 resource from src\main\resources to target\classes
[INFO] 
[INFO] --- compiler:3.15.0:compile (default-compile) @ 2-BasicSpringApplication ---
[INFO] Recompiling the module because of changed source code.
[INFO] Compiling 10 source files with javac [debug parameters release 17] to target\classes
[INFO] 
[INFO] --- resources:3.5.0:testResources (default-testResources) @ 2-BasicSpringApplication ---
[INFO] skip non existing resourceDirectory C:\Users\karka\AppData\Local\Temp\opencode\week7\2-BasicSpringApplication\src\test\resources
[INFO] 
[INFO] --- compiler:3.15.0:testCompile (default-testCompile) @ 2-BasicSpringApplication ---
[INFO] Recompiling the module because of changed dependency.
[INFO] Compiling 1 source file with javac [debug parameters release 17] to target\test-classes
[INFO] 
[INFO] <<< spring-boot:4.1.1:run (default-cli) < test-compile @ 2-BasicSpringApplication <<<
[INFO] 
[INFO] 
[INFO] --- spring-boot:4.1.1:run (default-cli) @ 2-BasicSpringApplication ---
[INFO] Attaching agents: []

  .   ____          _            __ _ _
 /\\ / ___'_ __ _ _(_)_ __  __ _ \ \ \ \
( ( )\___ | '_ | '_| | '_ \/ _` | \ \ \ \
 \\/  ___)| |_)| | | | | || (_| |  ) ) ) )
  '  |____| .__|_| |_|_| |_\__, | / / / /
 =========|_|==============|___/=/_/_/_/

 :: Spring Boot ::                (v4.1.1)

2026-09-19T18:52:27.541+05:30  INFO 32596 --- [week9_co3] [           main] com.klu.demo.Application                 : Starting Application using Java 25 with PID 32596 (C:\Users\karka\AppData\Local\Temp\opencode\week7\2-BasicSpringApplication\target\classes started by karka in C:\Users\karka\AppData\Local\Temp\opencode\week7\2-BasicSpringApplication)
2026-09-19T18:52:27.544+05:30  INFO 32596 --- [week9_co3] [           main] com.klu.demo.Application                 : No active profile set, falling back to 1 default profile: "default"
2026-09-19T18:52:28.199+05:30  INFO 32596 --- [week9_co3] [           main] .s.d.r.c.RepositoryConfigurationDelegate : Bootstrapping Spring Data JPA repositories in DEFAULT mode.
2026-09-19T18:52:28.249+05:30  INFO 32596 --- [week9_co3] [           main] .s.d.r.c.RepositoryConfigurationDelegate : Finished Spring Data repository scanning in 42 ms. Found 1 JPA repository interface.
2026-09-19T18:52:28.805+05:30  INFO 32596 --- [week9_co3] [           main] o.s.boot.tomcat.TomcatWebServer          : Tomcat initialized with port 8090 (http)
2026-09-19T18:52:28.821+05:30  INFO 32596 --- [week9_co3] [           main] o.apache.catalina.core.StandardService   : Starting service [Tomcat]
2026-09-19T18:52:28.821+05:30  INFO 32596 --- [week9_co3] [           main] o.apache.catalina.core.StandardEngine    : Starting Servlet engine: [Apache Tomcat/11.0.24]
2026-09-19T18:52:28.877+05:30  INFO 32596 --- [week9_co3] [           main] b.w.c.s.WebApplicationContextInitializer : Root WebApplicationContext: initialization completed in 1291 ms
2026-09-19T18:52:29.120+05:30  INFO 32596 --- [week9_co3] [           main] org.hibernate.orm.jpa                    : HHH008540: Processing PersistenceUnitInfo [name: default]
2026-09-19T18:52:29.191+05:30  INFO 32596 --- [week9_co3] [           main] org.hibernate.orm.core                   : HHH000001: Hibernate ORM core version 7.4.5.Final
2026-09-19T18:52:29.611+05:30  INFO 32596 --- [week9_co3] [           main] o.s.o.j.p.SpringPersistenceUnitInfo      : No LoadTimeWeaver setup: ignoring JPA class transformer
2026-09-19T18:52:29.641+05:30  INFO 32596 --- [week9_co3] [           main] com.zaxxer.hikari.HikariDataSource       : HikariPool-1 - Starting...
2026-09-19T18:52:30.039+05:30  INFO 32596 --- [week9_co3] [           main] com.zaxxer.hikari.pool.HikariPool        : HikariPool-1 - Added connection com.mysql.cj.jdbc.ConnectionImpl@662713b6
2026-09-19T18:52:30.041+05:30  INFO 32596 --- [week9_co3] [           main] com.zaxxer.hikari.HikariDataSource       : HikariPool-1 - Start completed.
2026-09-19T18:52:30.135+05:30  INFO 32596 --- [week9_co3] [           main] org.hibernate.orm.connections.pooling    : HHH10001005: Database info:
	Database JDBC URL [jdbc:mysql://localhost:3306/kluh]
	Database driver: MySQL Connector/J
	Database dialect: MySQLDialect
	Database version: 8.0.46
	Default catalog/schema: kluh/undefined
	Autocommit mode: undefined/unknown
	Isolation level: REPEATABLE_READ [default REPEATABLE_READ]
	JDBC fetch size: none
	Pool: DataSourceConnectionProvider
	Minimum pool size: undefined/unknown
	Maximum pool size: undefined/unknown
2026-09-19T18:52:31.016+05:30  INFO 32596 --- [week9_co3] [           main] org.hibernate.orm.core                   : HHH000489: No JTA platform available (set 'hibernate.transaction.jta.platform' to enable JTA platform integration)
2026-09-19T18:52:31.068+05:30  INFO 32596 --- [week9_co3] [           main] j.LocalContainerEntityManagerFactoryBean : Initialized JPA EntityManagerFactory for persistence unit 'default'
2026-09-19T18:52:31.126+05:30  INFO 32596 --- [week9_co3] [           main] o.s.d.j.r.query.QueryEnhancerFactories   : Hibernate is in classpath; If applicable, HQL parser will be used.
2026-09-19T18:52:31.227+05:30  WARN 32596 --- [week9_co3] [           main] JpaBaseConfiguration$JpaWebConfiguration : spring.jpa.open-in-view is enabled by default. Therefore, database queries may be performed during view rendering. Explicitly configure spring.jpa.open-in-view to disable this warning
2026-09-19T18:52:31.584+05:30  INFO 32596 --- [week9_co3] [           main] o.s.b.a.e.web.EndpointLinksResolver      : Exposing 1 endpoint beneath base path '/actuator'
2026-09-19T18:52:31.643+05:30  INFO 32596 --- [week9_co3] [           main] o.s.boot.tomcat.TomcatWebServer          : Tomcat started on port 8090 (http) with context path '/'
2026-09-19T18:52:31.649+05:30  INFO 32596 --- [week9_co3] [           main] com.klu.demo.Application                 : Started Application in 4.453 seconds (process running for 4.774)
2026-09-19T19:16:47.319+05:30  WARN 32596 --- [week9_co3] [l-1:housekeeper] com.zaxxer.hikari.pool.HikariPool        : HikariPool-1 - Thread starvation or clock leap detected (housekeeper delta=19m17s164ms378µs200ns).
2026-09-19T19:24:05.425+05:30  WARN 32596 --- [week9_co3] [l-1:housekeeper] com.zaxxer.hikari.pool.HikariPool        : HikariPool-1 - Thread starvation or clock leap detected (housekeeper delta=4m18s98ms201µs700ns).
2026-09-19T19:48:39.502+05:30  INFO 32596 --- [week9_co3] [nio-8090-exec-1] o.a.c.c.C.[Tomcat].[localhost].[/]       : Initializing Spring DispatcherServlet 'dispatcherServlet'
2026-09-19T19:48:39.502+05:30  INFO 32596 --- [week9_co3] [nio-8090-exec-1] o.s.web.servlet.DispatcherServlet        : Initializing Servlet 'dispatcherServlet'
2026-09-19T19:48:39.506+05:30  INFO 32596 --- [week9_co3] [nio-8090-exec-1] o.s.web.servlet.DispatcherServlet        : Completed initialization in 3 ms
Hibernate: select p1_0.id,p1_0.description,p1_0.name,p1_0.price,p1_0.quantity from products p1_0
Hibernate: select p1_0.id,p1_0.description,p1_0.name,p1_0.price,p1_0.quantity from products p1_0
