[INFO] Scanning for projects...
[INFO] 
[INFO] ------------------< com.klu:2-BasicSpringApplication >------------------
[INFO] Building 2-BasicSpringApplication 0.0.1-SNAPSHOT
[INFO]   from pom.xml
[INFO] --------------------------------[ jar ]---------------------------------
[INFO] 
[INFO] >>> spring-boot:4.1.1:run (default-cli) > test-compile @ 2-BasicSpringApplication >>>
[INFO] 
[INFO] --- resources:3.5.0:resources (default-resources) @ 2-BasicSpringApplication ---
[INFO] Copying 1 resource from src\main\resources to target\classes
[INFO] Copying 1 resource from src\main\resources to target\classes
[INFO] 
[INFO] --- compiler:3.15.0:compile (default-compile) @ 2-BasicSpringApplication ---
[INFO] Nothing to compile - all classes are up to date.
[INFO] 
[INFO] --- resources:3.5.0:testResources (default-testResources) @ 2-BasicSpringApplication ---
[INFO] skip non existing resourceDirectory C:\Users\karka\AppData\Local\Temp\opencode\week6\2-BasicSpringApplication\src\test\resources
[INFO] 
[INFO] --- compiler:3.15.0:testCompile (default-testCompile) @ 2-BasicSpringApplication ---
[INFO] Nothing to compile - all classes are up to date.
[INFO] 
[INFO] <<< spring-boot:4.1.1:run (default-cli) < test-compile @ 2-BasicSpringApplication <<<
[INFO] 
[INFO] 
[INFO] --- spring-boot:4.1.1:run (default-cli) @ 2-BasicSpringApplication ---
[INFO] Attaching agents: []

  .   ____          _            __ _ _
 /\\ / ___'_ __ _ _(_)_ __  __ _ \ \ \ \
( ( )\___ | '_ | '_| | '_ \/ _` | \ \ \ \
 \\/  ___)| |_)| | | | | || (_| |  ) ) ) )
  '  |____| .__|_| |_|_| |_\__, | / / / /
 =========|_|==============|___/=/_/_/_/

 :: Spring Boot ::                (v4.1.1)

2026-09-19T15:01:21.337+05:30  INFO 9704 --- [2-BasicSpringApplication] [           main] com.klu.demo.Application                 : Starting Application using Java 25 with PID 9704 (C:\Users\karka\AppData\Local\Temp\opencode\week6\2-BasicSpringApplication\target\classes started by karka in C:\Users\karka\AppData\Local\Temp\opencode\week6\2-BasicSpringApplication)
2026-09-19T15:01:21.340+05:30  INFO 9704 --- [2-BasicSpringApplication] [           main] com.klu.demo.Application                 : No active profile set, falling back to 1 default profile: "default"
2026-09-19T15:01:22.191+05:30  INFO 9704 --- [2-BasicSpringApplication] [           main] o.s.boot.tomcat.TomcatWebServer          : Tomcat initialized with port 8081 (http)
2026-09-19T15:01:22.205+05:30  INFO 9704 --- [2-BasicSpringApplication] [           main] o.apache.catalina.core.StandardService   : Starting service [Tomcat]
2026-09-19T15:01:22.206+05:30  INFO 9704 --- [2-BasicSpringApplication] [           main] o.apache.catalina.core.StandardEngine    : Starting Servlet engine: [Apache Tomcat/11.0.24]
2026-09-19T15:01:22.240+05:30  INFO 9704 --- [2-BasicSpringApplication] [           main] b.w.c.s.WebApplicationContextInitializer : Root WebApplicationContext: initialization completed in 852 ms
2026-09-19T15:01:22.744+05:30  INFO 9704 --- [2-BasicSpringApplication] [           main] o.s.b.a.e.web.EndpointLinksResolver      : Exposing 1 endpoint beneath base path '/actuator'
2026-09-19T15:01:22.833+05:30  INFO 9704 --- [2-BasicSpringApplication] [           main] o.s.boot.tomcat.TomcatWebServer          : Tomcat started on port 8081 (http) with context path '/'
2026-09-19T15:01:22.845+05:30  INFO 9704 --- [2-BasicSpringApplication] [           main] com.klu.demo.Application                 : Started Application in 1.827 seconds (process running for 2.12)
2026-09-19T15:15:28.604+05:30  INFO 9704 --- [2-BasicSpringApplication] [nio-8081-exec-1] o.a.c.c.C.[Tomcat].[localhost].[/]       : Initializing Spring DispatcherServlet 'dispatcherServlet'
2026-09-19T15:15:28.605+05:30  INFO 9704 --- [2-BasicSpringApplication] [nio-8081-exec-1] o.s.web.servlet.DispatcherServlet        : Initializing Servlet 'dispatcherServlet'
2026-09-19T15:15:28.607+05:30  INFO 9704 --- [2-BasicSpringApplication] [nio-8081-exec-1] o.s.web.servlet.DispatcherServlet        : Completed initialization in 1 ms
2026-09-19T15:15:29.373+05:30  WARN 9704 --- [2-BasicSpringApplication] [nio-8081-exec-5] .w.s.m.s.DefaultHandlerExceptionResolver : Resolved [org.springframework.http.converter.HttpMessageNotReadableException: JSON parse error: Unexpected character ('n' (code 110)): was expecting double-quote to start property name]
